Component: ARM Compiler 5.06 update 4 (build 422) Tool: armlink [4d35d2]

==============================================================================

Section Cross References

    main.o(i.main) refers to context_rvds.o(.text) for rt_hw_interrupt_disable
    main.o(i.main) refers to rt_user.o(i.rt_user_os_init) for rt_user_os_init
    rt_user.o(i.SysTick_Handler) refers to irq.o(i.rt_interrupt_enter) for rt_interrupt_enter
    rt_user.o(i.SysTick_Handler) refers to clock.o(i.rt_tick_increase) for rt_tick_increase
    rt_user.o(i.SysTick_Handler) refers to irq.o(i.rt_interrupt_leave) for rt_interrupt_leave
    rt_user.o(i.SystemClock_Config) refers to gd32f10x_rcc.o(i.RCC_DeInit) for RCC_DeInit
    rt_user.o(i.SystemClock_Config) refers to gd32f10x_rcc.o(i.RCC_HSI_Enable) for RCC_HSI_Enable
    rt_user.o(i.SystemClock_Config) refers to gd32f10x_rcc.o(i.RCC_GetBitState) for RCC_GetBitState
    rt_user.o(i.SystemClock_Config) refers to gd32f10x_rcc.o(i.RCC_PLLConfig) for RCC_PLLConfig
    rt_user.o(i.SystemClock_Config) refers to gd32f10x_rcc.o(i.RCC_PLL_Enable) for RCC_PLL_Enable
    rt_user.o(i.SystemClock_Config) refers to gd32f10x_rcc.o(i.RCC_CK_SYSConfig) for RCC_CK_SYSConfig
    rt_user.o(i.SystemClock_Config) refers to gd32f10x_rcc.o(i.RCC_GetCK_SYSSource) for RCC_GetCK_SYSSource
    rt_user.o(i.SystemClock_Config) refers to gd32f10x_rcc.o(i.RCC_AHBConfig) for RCC_AHBConfig
    rt_user.o(i.SystemClock_Config) refers to gd32f10x_rcc.o(i.RCC_APB1Config) for RCC_APB1Config
    rt_user.o(i.SystemClock_Config) refers to gd32f10x_rcc.o(i.RCC_APB2Config) for RCC_APB2Config
    rt_user.o(i.led1_thread_entry) refers to led.o(i.led_on) for led_on
    rt_user.o(i.led1_thread_entry) refers to kservice.o(i.rt_kprintf) for rt_kprintf
    rt_user.o(i.led1_thread_entry) refers to thread.o(i.rt_thread_delay) for rt_thread_delay
    rt_user.o(i.led1_thread_entry) refers to led.o(i.led_off) for led_off
    rt_user.o(i.led2_thread_entry) refers to led.o(i.led_init) for led_init
    rt_user.o(i.led2_thread_entry) refers to led.o(i.led_on) for led_on
    rt_user.o(i.led2_thread_entry) refers to thread.o(i.rt_thread_delay) for rt_thread_delay
    rt_user.o(i.led2_thread_entry) refers to led.o(i.led_off) for led_off
    rt_user.o(i.led3_thread_entry) refers to led.o(i.led_init) for led_init
    rt_user.o(i.led3_thread_entry) refers to led.o(i.led_on) for led_on
    rt_user.o(i.led3_thread_entry) refers to thread.o(i.rt_thread_delay) for rt_thread_delay
    rt_user.o(i.led3_thread_entry) refers to led.o(i.led_off) for led_off
    rt_user.o(i.rt_user_application_init) refers to thread.o(i.rt_thread_init) for rt_thread_init
    rt_user.o(i.rt_user_application_init) refers to thread.o(i.rt_thread_startup) for rt_thread_startup
    rt_user.o(i.rt_user_application_init) refers to thread.o(i.rt_thread_detach) for rt_thread_detach
    rt_user.o(i.rt_user_application_init) refers to thread.o(i.rt_thread_create) for rt_thread_create
    rt_user.o(i.rt_user_application_init) refers to thread.o(i.rt_thread_delete) for rt_thread_delete
    rt_user.o(i.rt_user_application_init) refers to rt_user.o(.bss) for led1_stack
    rt_user.o(i.rt_user_application_init) refers to rt_user.o(i.led1_thread_entry) for led1_thread_entry
    rt_user.o(i.rt_user_application_init) refers to rt_user.o(i.led2_thread_entry) for led2_thread_entry
    rt_user.o(i.rt_user_application_init) refers to rt_user.o(i.led3_thread_entry) for led3_thread_entry
    rt_user.o(i.rt_user_application_init) refers to rt_user.o(.data) for led3_thread
    rt_user.o(i.rt_user_os_init) refers to rt_user.o(i.SystemClock_Config) for SystemClock_Config
    rt_user.o(i.rt_user_os_init) refers to mem.o(i.rt_system_heap_init) for rt_system_heap_init
    rt_user.o(i.rt_user_os_init) refers to usart.o(i.rt_usart_init) for rt_usart_init
    rt_user.o(i.rt_user_os_init) refers to kservice.o(i.rt_console_set_device) for rt_console_set_device
    rt_user.o(i.rt_user_os_init) refers to scheduler.o(i.rt_system_scheduler_init) for rt_system_scheduler_init
    rt_user.o(i.rt_user_os_init) refers to timer.o(i.rt_system_timer_init) for rt_system_timer_init
    rt_user.o(i.rt_user_os_init) refers to timer.o(i.rt_system_timer_thread_init) for rt_system_timer_thread_init
    rt_user.o(i.rt_user_os_init) refers to rt_user.o(i.rt_user_application_init) for rt_user_application_init
    rt_user.o(i.rt_user_os_init) refers to idle.o(i.rt_thread_idle_init) for rt_thread_idle_init
    rt_user.o(i.rt_user_os_init) refers to scheduler.o(i.rt_system_scheduler_start) for rt_system_scheduler_start
    rt_user.o(i.rt_user_os_init) refers to system_gd32f10x.o(.data) for SystemCoreClock
    led.o(i.led_init) refers to gd32f10x_rcc.o(i.RCC_APB2PeriphClock_Enable) for RCC_APB2PeriphClock_Enable
    led.o(i.led_init) refers to gd32f10x_gpio.o(i.GPIO_Init) for GPIO_Init
[...]
    .ARM.Collect$$libinit$$0000001D          0x080001ba   Section        0  libinit2.o(.ARM.Collect$$libinit$$0000001D)
    .ARM.Collect$$libinit$$0000001F          0x080001ba   Section        0  libinit2.o(.ARM.Collect$$libinit$$0000001F)
    .ARM.Collect$$libinit$$00000021          0x080001ba   Section        0  libinit2.o(.ARM.Collect$$libinit$$00000021)
    .ARM.Collect$$libinit$$00000023          0x080001ba   Section        0  libinit2.o(.ARM.Collect$$libinit$$00000023)
    .ARM.Collect$$libinit$$00000025          0x080001ba   Section        0  libinit2.o(.ARM.Collect$$libinit$$00000025)
    .ARM.Collect$$libinit$$0000002C          0x080001ba   Section        0  libinit2.o(.ARM.Collect$$libinit$$0000002C)
    .ARM.Collect$$libinit$$0000002E          0x080001ba   Section        0  libinit2.o(.ARM.Collect$$libinit$$0000002E)
    .ARM.Collect$$libinit$$00000030          0x080001ba   Section        0  libinit2.o(.ARM.Collect$$libinit$$00000030)
    .ARM.Collect$$libinit$$00000032          0x080001ba   Section        0  libinit2.o(.ARM.Collect$$libinit$$00000032)
    .ARM.Collect$$libinit$$00000033          0x080001ba   Section        2  libinit2.o(.ARM.Collect$$libinit$$00000033)
    .ARM.Collect$$libshutdown$$00000000      0x080001bc   Section        2  libshutdown.o(.ARM.Collect$$libshutdown$$00000000)
    .ARM.Collect$$libshutdown$$00000002      0x080001be   Section        0  libshutdown2.o(.ARM.Collect$$libshutdown$$00000002)
    .ARM.Collect$$libshutdown$$00000004      0x080001be   Section        0  libshutdown2.o(.ARM.Collect$$libshutdown$$00000004)
    .ARM.Collect$$libshutdown$$00000007      0x080001be   Section        0  libshutdown2.o(.ARM.Collect$$libshutdown$$00000007)
    .ARM.Collect$$libshutdown$$0000000A      0x080001be   Section        0  libshutdown2.o(.ARM.Collect$$libshutdown$$0000000A)
    .ARM.Collect$$libshutdown$$0000000C      0x080001be   Section        0  libshutdown2.o(.ARM.Collect$$libshutdown$$0000000C)
    .ARM.Collect$$libshutdown$$0000000F      0x080001be   Section        0  libshutdown2.o(.ARM.Collect$$libshutdown$$0000000F)
    .ARM.Collect$$libshutdown$$00000010      0x080001be   Section        2  libshutdown2.o(.ARM.Collect$$libshutdown$$00000010)
    .ARM.Collect$$rtentry$$00000000          0x080001c0   Section        0  __rtentry.o(.ARM.Collect$$rtentry$$00000000)
    .ARM.Collect$$rtentry$$00000002          0x080001c0   Section        0  __rtentry2.o(.ARM.Collect$$rtentry$$00000002)
    .ARM.Collect$$rtentry$$00000004          0x080001c0   Section        6  __rtentry4.o(.ARM.Collect$$rtentry$$00000004)
    .ARM.Collect$$rtentry$$00000009          0x080001c6   Section        0  __rtentry2.o(.ARM.Collect$$rtentry$$00000009)
    .ARM.Collect$$rtentry$$0000000A          0x080001c6   Section        4  __rtentry2.o(.ARM.Collect$$rtentry$$0000000A)
    .ARM.Collect$$rtentry$$0000000C          0x080001ca   Section        0  __rtentry2.o(.ARM.Collect$$rtentry$$0000000C)
    .ARM.Collect$$rtentry$$0000000D          0x080001ca   Section        8  __rtentry2.o(.ARM.Collect$$rtentry$$0000000D)
    .ARM.Collect$$rtexit$$00000000           0x080001d2   Section        2  rtexit.o(.ARM.Collect$$rtexit$$00000000)
    .ARM.Collect$$rtexit$$00000002           0x080001d4   Section        0  rtexit2.o(.ARM.Collect$$rtexit$$00000002)
    .ARM.Collect$$rtexit$$00000003           0x080001d4   Section        4  rtexit2.o(.ARM.Collect$$rtexit$$00000003)
    .ARM.Collect$$rtexit$$00000004           0x080001d8   Section        6  rtexit2.o(.ARM.Collect$$rtexit$$00000004)
    .text                                    0x080001e0   Section       64  startup_gd32f10x_md.o(.text)
    .text                                    0x08000220   Section      236  context_rvds.o(.text)
    .text                                    0x0800030c   Section        0  heapauxi.o(.text)
    .text                                    0x08000312   Section       74  sys_stackheap_outer.o(.text)
    .text                                    0x0800035c   Section        0  exit.o(.text)
    .text                                    0x08000370   Section        8  libspace.o(.text)
    .text                                    0x08000378   Section        0  sys_exit.o(.text)
    .text                                    0x08000384   Section        2  use_no_semi.o(.text)
    .text                                    0x08000386   Section        0  indicate_semi.o(.text)
    i.GPIO_Init                              0x08000386   Section        0  gd32f10x_gpio.o(i.GPIO_Init)
    i.GPIO_PinRemapConfig                    0x0800049c   Section        0  gd32f10x_gpio.o(i.GPIO_PinRemapConfig)
    i.GPIO_ResetBits                         0x0800052c   Section        0  gd32f10x_gpio.o(i.GPIO_ResetBits)
    i.GPIO_SetBits                           0x08000530   Section        0  gd32f10x_gpio.o(i.GPIO_SetBits)
    i.RCC_AHBConfig                          0x08000534   Section        0  gd32f10x_rcc.o(i.RCC_AHBConfig)
    i.RCC_APB1Config                         0x0800054c   Section        0  gd32f10x_rcc.o(i.RCC_APB1Config)
    i.RCC_APB2Config                         0x08000564   Section        0  gd32f10x_rcc.o(i.RCC_APB2Config)
    i.RCC_APB2PeriphClock_Enable             0x0800057c   Section        0  gd32f10x_rcc.o(i.RCC_APB2PeriphClock_Enable)
    i.RCC_CK_SYSConfig                       0x0800059c   Section        0  gd32f10x_rcc.o(i.RCC_CK_SYSConfig)
    i.RCC_DeInit                             0x080005b4   Section        0  gd32f10x_rcc.o(i.RCC_DeInit)
    i.RCC_GetBitState                        0x08000608   Section        0  gd32f10x_rcc.o(i.RCC_GetBitState)
    i.RCC_GetCK_SYSSource                    0x08000640   Section        0  gd32f10x_rcc.o(i.RCC_GetCK_SYSSource)
    i.RCC_GetClocksFreq                      0x08000650   Section        0  gd32f10x_rcc.o(i.RCC_GetClocksFreq)
    i.RCC_HSI_Enable                         0x0800078c   Section        0  gd32f10x_rcc.o(i.RCC_HSI_Enable)
    i.RCC_PLLConfig                          0x080007b0   Section        0  gd32f10x_rcc.o(i.RCC_PLLConfig)
    i.RCC_PLL_Enable                         0x080007d0   Section        0  gd32f10x_rcc.o(i.RCC_PLL_Enable)
    i.SetSysClock                            0x080007f4   Section        0  system_gd32f10x.o(i.SetSysClock)
    SetSysClock                              0x080007f5   Thumb Code     8  system_gd32f10x.o(i.SetSysClock)
    i.SetSysClockTo108                       0x080007fc   Section        0  system_gd32f10x.o(i.SetSysClockTo108)
    SetSysClockTo108                         0x080007fd   Thumb Code   188  system_gd32f10x.o(i.SetSysClockTo108)
    i.SysTick_Handler                        0x080008c4   Section        0  rt_user.o(i.SysTick_Handler)
    i.SystemClock_Config                     0x080008d4   Section        0  rt_user.o(i.SystemClock_Config)
    i.SystemInit                             0x08000930   Section        0  system_gd32f10x.o(i.SystemInit)
    i.USART_DataReceive                      0x08000988   Section        0  gd32f10x_usart.o(i.USART_DataReceive)
    i.USART_DataSend                         0x08000992   Section        0  gd32f10x_usart.o(i.USART_DataSend)
    i.USART_Enable                           0x0800099a   Section        0  gd32f10x_usart.o(i.USART_Enable)
    i.USART_GetBitState                      0x080009b0   Section        0  gd32f10x_usart.o(i.USART_GetBitState)
    i.USART_INT_Set                          0x080009c0   Section        0  gd32f10x_usart.o(i.USART_INT_Set)
    i.USART_Init                             0x08000a00   Section        0  gd32f10x_usart.o(i.USART_Init)
    i.__rt_ffs                               0x08000a84   Section        0  kservice.o(i.__rt_ffs)
    i._has_defunct_thread                    0x08000ad0   Section        0  idle.o(i._has_defunct_thread)
    _has_defunct_thread                      0x08000ad1   Thumb Code    16  idle.o(i._has_defunct_thread)
    i._rt_scheduler_stack_check              0x08000ae4   Section        0  scheduler.o(i._rt_scheduler_stack_check)
    _rt_scheduler_stack_check                0x08000ae5   Thumb Code    86  scheduler.o(i._rt_scheduler_stack_check)
    i._rt_thread_init                        0x08000ba8   Section        0  thread.o(i._rt_thread_init)
    _rt_thread_init                          0x08000ba9   Thumb Code   136  thread.o(i._rt_thread_init)
    i._rt_timer_init                         0x08000c60   Section        0  timer.o(i._rt_timer_init)
    _rt_timer_init                           0x08000c61   Thumb Code    66  timer.o(i._rt_timer_init)
    i._rt_timer_remove                       0x08000ca2   Section        0  timer.o(i._rt_timer_remove)
    _rt_timer_remove                         0x08000ca3   Thumb Code    46  timer.o(i._rt_timer_remove)
    i._serial_poll_rx                        0x08000cd0   Section        0  serial.o(i._serial_poll_rx)
    _serial_poll_rx                          0x08000cd1   Thumb Code    68  serial.o(i._serial_poll_rx)
    i._serial_poll_tx                        0x08000d2c   Section        0  serial.o(i._serial_poll_tx)
    _serial_poll_tx                          0x08000d2d   Thumb Code    74  serial.o(i._serial_poll_tx)
    i.led1_thread_entry                      0x08000d80   Section        0  rt_user.o(i.led1_thread_entry)
    led1_thread_entry                        0x08000d81   Thumb Code    34  rt_user.o(i.led1_thread_entry)
    i.led2_thread_entry                      0x08000db4   Section        0  rt_user.o(i.led2_thread_entry)
    led2_thread_entry                        0x08000db5   Thumb Code    32  rt_user.o(i.led2_thread_entry)
    i.led3_thread_entry                      0x08000dd4   Section        0  rt_user.o(i.led3_thread_entry)
    led3_thread_entry                        0x08000dd5   Thumb Code    32  rt_user.o(i.led3_thread_entry)
    i.led_init                               0x08000df4   Section        0  led.o(i.led_init)
    i.led_off                                0x08000eb0   Section        0  led.o(i.led_off)
    i.led_on                                 0x08000ef0   Section        0  led.o(i.led_on)
    i.main                                   0x08000f30   Section        0  main.o(i.main)
    i.plug_holes                             0x08000f40   Section        0  mem.o(i.plug_holes)
    plug_holes                               0x08000f41   Thumb Code   160  mem.o(i.plug_holes)
    i.print_number                           0x0800104c   Section        0  kservice.o(i.print_number)
    print_number                             0x0800104d   Thumb Code   388  kservice.o(i.print_number)
    i.rt_assert_handler                      0x080011d8   Section        0  kservice.o(i.rt_assert_handler)
    i.rt_console_set_device                  0x0800124c   Section        0  kservice.o(i.rt_console_set_device)
    i.rt_device_close                        0x08001280   Section        0  device.o(i.rt_device_close)
    i.rt_device_find                         0x080012d8   Section        0  device.o(i.rt_device_find)
    i.rt_device_open                         0x08001328   Section        0  device.o(i.rt_device_open)
    i.rt_device_register                     0x08001410   Section        0  device.o(i.rt_device_register)
    i.rt_device_write                        0x08001444   Section        0  device.o(i.rt_device_write)
    i.rt_enter_critical                      0x080014a4   Section        0  scheduler.o(i.rt_enter_critical)
    i.rt_exit_critical                       0x080014c4   Section        0  scheduler.o(i.rt_exit_critical)
    i.rt_free                                0x08001500   Section        0  mem.o(i.rt_free)
    i.rt_hw_console_output                   0x08001698   Section        0  kservice.o(i.rt_hw_console_output)
    i.rt_hw_hard_fault_exception             0x0800169c   Section        0  cpuport.o(i.rt_hw_hard_fault_exception)
    i.rt_hw_stack_init                       0x0800189c   Section        0  cpuport.o(i.rt_hw_stack_init)
    i.rt_interrupt_enter                     0x080018e8   Section        0  irq.o(i.rt_interrupt_enter)
    i.rt_interrupt_get_nest                  0x0800190c   Section        0  irq.o(i.rt_interrupt_get_nest)
    i.rt_interrupt_leave                     0x08001918   Section        0  irq.o(i.rt_interrupt_leave)
    i.rt_ipc_list_resume                     0x0800193c   Section        0  ipc.o(i.rt_ipc_list_resume)
    rt_ipc_list_resume                       0x0800193d   Thumb Code    24  ipc.o(i.rt_ipc_list_resume)
    i.rt_ipc_list_suspend                    0x08001954   Section        0  ipc.o(i.rt_ipc_list_suspend)
    rt_ipc_list_suspend                      0x08001955   Thumb Code   108  ipc.o(i.rt_ipc_list_suspend)
    i.rt_ipc_object_init                     0x080019c0   Section        0  ipc.o(i.rt_ipc_object_init)
    rt_ipc_object_init                       0x080019c1   Thumb Code    16  ipc.o(i.rt_ipc_object_init)
    i.rt_kprintf                             0x080019d0   Section        0  kservice.o(i.rt_kprintf)
    i.rt_list_init                           0x08001a38   Section        0  ipc.o(i.rt_list_init)
    rt_list_init                             0x08001a39   Thumb Code     6  ipc.o(i.rt_list_init)
    i.rt_list_init                           0x08001a3e   Section        0  scheduler.o(i.rt_list_init)
    rt_list_init                             0x08001a3f   Thumb Code     6  scheduler.o(i.rt_list_init)
    i.rt_list_init                           0x08001a44   Section        0  timer.o(i.rt_list_init)
    rt_list_init                             0x08001a45   Thumb Code     6  timer.o(i.rt_list_init)
    i.rt_list_insert_after                   0x08001a4a   Section        0  object.o(i.rt_list_insert_after)
    rt_list_insert_after                     0x08001a4b   Thumb Code    14  object.o(i.rt_list_insert_after)
    i.rt_list_insert_after                   0x08001a58   Section        0  thread.o(i.rt_list_insert_after)
    rt_list_insert_after                     0x08001a59   Thumb Code    14  thread.o(i.rt_list_insert_after)
    i.rt_list_insert_after                   0x08001a66   Section        0  timer.o(i.rt_list_insert_after)
    rt_list_insert_after                     0x08001a67   Thumb Code    14  timer.o(i.rt_list_insert_after)
    i.rt_list_insert_before                  0x08001a74   Section        0  ipc.o(i.rt_list_insert_before)
    rt_list_insert_before                    0x08001a75   Thumb Code    14  ipc.o(i.rt_list_insert_before)
    i.rt_list_isempty                        0x08001a82   Section        0  ipc.o(i.rt_list_isempty)
    rt_list_isempty                          0x08001a83   Thumb Code    16  ipc.o(i.rt_list_isempty)
    i.rt_list_isempty                        0x08001a92   Section        0  timer.o(i.rt_list_isempty)
    rt_list_isempty                          0x08001a93   Thumb Code    16  timer.o(i.rt_list_isempty)
    i.rt_list_remove                         0x08001aa2   Section        0  object.o(i.rt_list_remove)
    rt_list_remove                           0x08001aa3   Thumb Code    18  object.o(i.rt_list_remove)
    i.rt_list_remove                         0x08001ab4   Section        0  thread.o(i.rt_list_remove)
    rt_list_remove                           0x08001ab5   Thumb Code    18  thread.o(i.rt_list_remove)
    i.rt_malloc                              0x08001ac8   Section        0  mem.o(i.rt_malloc)
    i.rt_memset                              0x08001d7c   Section        0  kservice.o(i.rt_memset)
    i.rt_object_allocate                     0x08001dc4   Section        0  object.o(i.rt_object_allocate)
    i.rt_object_delete                       0x08001e7c   Section        0  object.o(i.rt_object_delete)
    i.rt_object_detach                       0x08001f18   Section        0  object.o(i.rt_object_detach)
    i.rt_object_init                         0x08001f6c   Section        0  object.o(i.rt_object_init)
    i.rt_object_is_systemobject              0x08001fc0   Section        0  object.o(i.rt_object_is_systemobject)
    i.rt_schedule                            0x08001ffc   Section        0  scheduler.o(i.rt_schedule)
    i.rt_schedule_insert_thread              0x080020a0   Section        0  scheduler.o(i.rt_schedule_insert_thread)
    i.rt_schedule_remove_thread              0x08002114   Section        0  scheduler.o(i.rt_schedule_remove_thread)
    i.rt_sem_init                            0x08002194   Section        0  ipc.o(i.rt_sem_init)
    i.rt_sem_release                         0x080021dc   Section        0  ipc.o(i.rt_sem_release)
    i.rt_sem_take                            0x08002230   Section        0  ipc.o(i.rt_sem_take)
    i.rt_serial_close                        0x080023b8   Section        0  serial.o(i.rt_serial_close)
    i.rt_serial_control                      0x080023ec   Section        0  serial.o(i.rt_serial_control)
    i.rt_serial_init                         0x0800246c   Section        0  serial.o(i.rt_serial_init)
    i.rt_serial_open                         0x080024b4   Section        0  serial.o(i.rt_serial_open)
    i.rt_serial_read                         0x08002544   Section        0  serial.o(i.rt_serial_read)
    i.rt_serial_register                     0x08002588   Section        0  serial.o(i.rt_serial_register)
    i.rt_serial_write                        0x08002604   Section        0  serial.o(i.rt_serial_write)
    i.rt_set_errno                           0x08002648   Section        0  kservice.o(i.rt_set_errno)
    i.rt_strlen                              0x08002670   Section        0  kservice.o(i.rt_strlen)
    i.rt_strncmp                             0x08002682   Section        0  kservice.o(i.rt_strncmp)
    i.rt_strncpy                             0x080026aa   Section        0  kservice.o(i.rt_strncpy)
    i.rt_system_heap_init                    0x080026e0   Section        0  mem.o(i.rt_system_heap_init)
    i.rt_system_scheduler_init               0x08002830   Section        0  scheduler.o(i.rt_system_scheduler_init)
    i.rt_system_scheduler_start              0x08002880   Section        0  scheduler.o(i.rt_system_scheduler_start)
    i.rt_system_timer_init                   0x080028b0   Section        0  timer.o(i.rt_system_timer_init)
    i.rt_system_timer_thread_init            0x080028cc   Section        0  timer.o(i.rt_system_timer_thread_init)
    i.rt_thread_create                       0x080028ce   Section        0  thread.o(i.rt_thread_create)
    i.rt_thread_delay                        0x0800291e   Section        0  thread.o(i.rt_thread_delay)
    i.rt_thread_delete                       0x0800292c   Section        0  thread.o(i.rt_thread_delete)
    i.rt_thread_detach                       0x08002988   Section        0  thread.o(i.rt_thread_detach)
    i.rt_thread_exit                         0x080029ec   Section        0  thread.o(i.rt_thread_exit)
    i.rt_thread_idle_entry                   0x08002a40   Section        0  idle.o(i.rt_thread_idle_entry)
    rt_thread_idle_entry                     0x08002a41   Thumb Code    20  idle.o(i.rt_thread_idle_entry)
    i.rt_thread_idle_excute                  0x08002a58   Section        0  idle.o(i.rt_thread_idle_excute)
    i.rt_thread_idle_init                    0x08002b24   Section        0  idle.o(i.rt_thread_idle_init)
    i.rt_thread_init                         0x08002b60   Section        0  thread.o(i.rt_thread_init)
    i.rt_thread_resume                       0x08002bdc   Section        0  thread.o(i.rt_thread_resume)
    i.rt_thread_self                         0x08002c44   Section        0  thread.o(i.rt_thread_self)
    i.rt_thread_sleep                        0x08002c50   Section        0  thread.o(i.rt_thread_sleep)
    i.rt_thread_startup                      0x08002cb8   Section        0  thread.o(i.rt_thread_startup)
    i.rt_thread_suspend                      0x08002d40   Section        0  thread.o(i.rt_thread_suspend)
    i.rt_thread_timeout                      0x08002da4   Section        0  thread.o(i.rt_thread_timeout)
    i.rt_thread_yield                        0x08002e24   Section        0  thread.o(i.rt_thread_yield)
    i.rt_tick_get                            0x08002e84   Section        0  clock.o(i.rt_tick_get)
    i.rt_tick_increase                       0x08002e90   Section        0  clock.o(i.rt_tick_increase)
    i.rt_timer_check                         0x08002ec0   Section        0  timer.o(i.rt_timer_check)
    i.rt_timer_control                       0x08002f5c   Section        0  timer.o(i.rt_timer_control)
    i.rt_timer_detach                        0x08002fc0   Section        0  timer.o(i.rt_timer_detach)
    i.rt_timer_init                          0x08003004   Section        0  timer.o(i.rt_timer_init)
    i.rt_timer_start                         0x08003058   Section        0  timer.o(i.rt_timer_start)
    i.rt_timer_stop                          0x080031c4   Section        0  timer.o(i.rt_timer_stop)
    i.rt_usart_init                          0x08003230   Section        0  usart.o(i.rt_usart_init)
    i.rt_user_application_init               0x08003284   Section        0  rt_user.o(i.rt_user_application_init)
    i.rt_user_os_init                        0x08003358   Section        0  rt_user.o(i.rt_user_os_init)
    i.rt_vsnprintf                           0x080033f4   Section        0  kservice.o(i.rt_vsnprintf)
    i.skip_atoi                              0x0800371c   Section        0  kservice.o(i.skip_atoi)
    skip_atoi                                0x0800371d   Thumb Code    38  kservice.o(i.skip_atoi)
    i.usart_configure                        0x08003744   Section        0  usart.o(i.usart_configure)
    i.usart_control                          0x08003818   Section        0  usart.o(i.usart_control)
    usart_control                            0x08003819   Thumb Code   158  usart.o(i.usart_control)
    i.usart_getc                             0x080038d8   Section        0  usart.o(i.usart_getc)
    i.usart_gpio_configure                   0x080038f8   Section        0  usart.o(i.usart_gpio_configure)
    i.usart_putc                             0x08003930   Section        0  usart.o(i.usart_putc)
    .constdata                               0x08003954   Section       40  usart.o(.constdata)
    usart_ops                                0x08003954   Data          16  usart.o(.constdata)
    __FUNCTION__                             0x08003964   Data          14  usart.o(.constdata)
    .constdata                               0x0800397c   Section      168  device.o(.constdata)
    __FUNCTION__                             0x0800397c   Data          21  device.o(.constdata)
    __FUNCTION__                             0x08003991   Data          15  device.o(.constdata)
    __FUNCTION__                             0x080039a0   Data          15  device.o(.constdata)
    __FUNCTION__                             0x080039af   Data          16  device.o(.constdata)
    __FUNCTION__                             0x080039bf   Data          15  device.o(.constdata)
    __FUNCTION__                             0x080039ce   Data          16  device.o(.constdata)
    __FUNCTION__                             0x080039de   Data          18  device.o(.constdata)
    __FUNCTION__                             0x080039f0   Data          26  device.o(.constdata)
    __FUNCTION__                             0x08003a0a   Data          26  device.o(.constdata)
    .constdata                               0x08003a24   Section       22  idle.o(.constdata)
    __FUNCTION__                             0x08003a24   Data          22  idle.o(.constdata)
    .constdata                               0x08003a3a   Section      471  ipc.o(.constdata)
    __FUNCTION__                             0x08003a3a   Data          12  ipc.o(.constdata)
    __FUNCTION__                             0x08003a46   Data          14  ipc.o(.constdata)
    __FUNCTION__                             0x08003a54   Data          14  ipc.o(.constdata)
    __FUNCTION__                             0x08003a62   Data          14  ipc.o(.constdata)
    __FUNCTION__                             0x08003a70   Data          12  ipc.o(.constdata)
    __FUNCTION__                             0x08003a7c   Data          15  ipc.o(.constdata)
    __FUNCTION__                             0x08003a8b   Data          14  ipc.o(.constdata)
    __FUNCTION__                             0x08003a99   Data          16  ipc.o(.constdata)
    __FUNCTION__                             0x08003aa9   Data          16  ipc.o(.constdata)
    __FUNCTION__                             0x08003ab9   Data          16  ipc.o(.constdata)
    __FUNCTION__                             0x08003ac9   Data          14  ipc.o(.constdata)
    __FUNCTION__                             0x08003ad7   Data          17  ipc.o(.constdata)
    __FUNCTION__                             0x08003ae8   Data          14  ipc.o(.constdata)
    __FUNCTION__                             0x08003af6   Data          16  ipc.o(.constdata)
    __FUNCTION__                             0x08003b06   Data          16  ipc.o(.constdata)
    __FUNCTION__                             0x08003b16   Data          16  ipc.o(.constdata)
    __FUNCTION__                             0x08003b26   Data          14  ipc.o(.constdata)
    __FUNCTION__                             0x08003b34   Data          14  ipc.o(.constdata)
    __FUNCTION__                             0x08003b42   Data          17  ipc.o(.constdata)
    __FUNCTION__                             0x08003b53   Data          11  ipc.o(.constdata)
    __FUNCTION__                             0x08003b5e   Data          13  ipc.o(.constdata)
    __FUNCTION__                             0x08003b6b   Data          13  ipc.o(.constdata)
    __FUNCTION__                             0x08003b78   Data          13  ipc.o(.constdata)
    __FUNCTION__                             0x08003b85   Data          16  ipc.o(.constdata)
    __FUNCTION__                             0x08003b95   Data          11  ipc.o(.constdata)
    __FUNCTION__                             0x08003ba0   Data          14  ipc.o(.constdata)
    __FUNCTION__                             0x08003bae   Data          11  ipc.o(.constdata)
    __FUNCTION__                             0x08003bb9   Data          13  ipc.o(.constdata)
    __FUNCTION__                             0x08003bc6   Data          13  ipc.o(.constdata)
    __FUNCTION__                             0x08003bd3   Data          13  ipc.o(.constdata)
    __FUNCTION__                             0x08003be0   Data          11  ipc.o(.constdata)
    __FUNCTION__                             0x08003beb   Data          13  ipc.o(.constdata)
    __FUNCTION__                             0x08003bf8   Data          11  ipc.o(.constdata)
    __FUNCTION__                             0x08003c03   Data          14  ipc.o(.constdata)
    .constdata                               0x08003c11   Section      290  kservice.o(.constdata)
    small_digits                             0x08003d11   Data          17  kservice.o(.constdata)
    large_digits                             0x08003d22   Data          17  kservice.o(.constdata)
    .constdata                               0x08003d33   Section       70  mem.o(.constdata)
    __FUNCTION__                             0x08003d33   Data          11  mem.o(.constdata)
    __FUNCTION__                             0x08003d3e   Data          20  mem.o(.constdata)
    __FUNCTION__                             0x08003d52   Data          10  mem.o(.constdata)
    __FUNCTION__                             0x08003d5c   Data          11  mem.o(.constdata)
    __FUNCTION__                             0x08003d67   Data          10  mem.o(.constdata)
    __FUNCTION__                             0x08003d71   Data           8  mem.o(.constdata)
    .constdata                               0x08003d79   Section       94  object.o(.constdata)
    __FUNCTION__                             0x08003d79   Data          17  object.o(.constdata)
    __FUNCTION__                             0x08003d8a   Data          19  object.o(.constdata)
    __FUNCTION__                             0x08003d9d   Data          17  object.o(.constdata)
    __FUNCTION__                             0x08003dae   Data          26  object.o(.constdata)
    __FUNCTION__                             0x08003dc8   Data          15  object.o(.constdata)
    .constdata                               0x08003dd7   Section       78  scheduler.o(.constdata)
    __FUNCTION__                             0x08003dd7   Data          26  scheduler.o(.constdata)
    __FUNCTION__                             0x08003df1   Data          26  scheduler.o(.constdata)
    __FUNCTION__                             0x08003e0b   Data          26  scheduler.o(.constdata)
    .constdata                               0x08003e25   Section      170  thread.o(.constdata)
    __FUNCTION__                             0x08003e25   Data          16  thread.o(.constdata)
    __FUNCTION__                             0x08003e35   Data          15  thread.o(.constdata)
    __FUNCTION__                             0x08003e44   Data          18  thread.o(.constdata)
    __FUNCTION__                             0x08003e56   Data          17  thread.o(.constdata)
    __FUNCTION__                             0x08003e67   Data          17  thread.o(.constdata)
    __FUNCTION__                             0x08003e78   Data          16  thread.o(.constdata)
    __FUNCTION__                             0x08003e88   Data          18  thread.o(.constdata)
    __FUNCTION__                             0x08003e9a   Data          18  thread.o(.constdata)
    __FUNCTION__                             0x08003eac   Data          17  thread.o(.constdata)
    __FUNCTION__                             0x08003ebd   Data          18  thread.o(.constdata)
    .constdata                               0x08003ecf   Section       92  timer.o(.constdata)
    __FUNCTION__                             0x08003ecf   Data          14  timer.o(.constdata)
    __FUNCTION__                             0x08003edd   Data          16  timer.o(.constdata)
    __FUNCTION__                             0x08003eed   Data          16  timer.o(.constdata)
    __FUNCTION__                             0x08003efd   Data          15  timer.o(.constdata)
    __FUNCTION__                             0x08003f0c   Data          14  timer.o(.constdata)
    __FUNCTION__                             0x08003f1a   Data          17  timer.o(.constdata)
    .constdata                               0x08003f2b   Section      146  serial.o(.constdata)
    __FUNCTION__                             0x08003f2b   Data          16  serial.o(.constdata)
    __FUNCTION__                             0x08003f3b   Data          16  serial.o(.constdata)
    __FUNCTION__                             0x08003f4b   Data          15  serial.o(.constdata)
    __FUNCTION__                             0x08003f5a   Data          15  serial.o(.constdata)
    __FUNCTION__                             0x08003f69   Data          16  serial.o(.constdata)
    __FUNCTION__                             0x08003f79   Data          15  serial.o(.constdata)
    __FUNCTION__                             0x08003f88   Data          16  serial.o(.constdata)
    __FUNCTION__                             0x08003f98   Data          18  serial.o(.constdata)
    __FUNCTION__                             0x08003faa   Data          19  serial.o(.constdata)
    .conststring                             0x08003fc0   Section      237  mem.o(.conststring)
    .data                                    0x20000000   Section        4  rt_user.o(.data)
    led3_thread                              0x20000000   Data           4  rt_user.o(.data)
    .data                                    0x20000004   Section        1  led.o(.data)
    LED_init_flag                            0x20000004   Data           1  led.o(.data)
    .data                                    0x20000008   Section       20  system_gd32f10x.o(.data)
    .data                                    0x2000001c   Section       24  gd32f10x_rcc.o(.data)
    AHBPrescTable                            0x2000001c   Data          16  gd32f10x_rcc.o(.data)
    APBPrescTable                            0x2000002c   Data           8  gd32f10x_rcc.o(.data)
    .data                                    0x20000034   Section        4  clock.o(.data)
    rt_tick                                  0x20000034   Data           4  clock.o(.data)
    .data                                    0x20000038   Section        4  idle.o(.data)
    rt_thread_idle_hook                      0x20000038   Data           4  idle.o(.data)
    .data                                    0x2000003c   Section        1  irq.o(.data)
    .data                                    0x20000040   Section       12  kservice.o(.data)
    _errno                                   0x20000040   Data           4  kservice.o(.data)
    _console_device                          0x20000044   Data           4  kservice.o(.data)
    .data                                    0x2000004c   Section       32  mem.o(.data)
    rt_malloc_hook                           0x2000004c   Data           4  mem.o(.data)
    rt_free_hook                             0x20000050   Data           4  mem.o(.data)
    heap_ptr                                 0x20000054   Data           4  mem.o(.data)
    heap_end                                 0x20000058   Data           4  mem.o(.data)
    lfree                                    0x2000005c   Data           4  mem.o(.data)
    mem_size_aligned                         0x20000060   Data           4  mem.o(.data)
    used_mem                                 0x20000064   Data           4  mem.o(.data)
    max_mem                                  0x20000068   Data           4  mem.o(.data)
    .data                                    0x2000006c   Section      164  object.o(.data)
    rt_object_attach_hook                    0x200000fc   Data           4  object.o(.data)
    rt_object_detach_hook                    0x20000100   Data           4  object.o(.data)
    .data                                    0x20000110   Section       28  scheduler.o(.data)
    rt_scheduler_lock_nest                   0x20000110   Data           2  scheduler.o(.data)
    rt_scheduler_hook                        0x20000128   Data           4  scheduler.o(.data)
    .data                                    0x2000012c   Section       16  timer.o(.data)
    rt_timer_list                            0x2000012c   Data           8  timer.o(.data)
    rt_timer_timeout_hook                    0x20000134   Data           4  timer.o(.data)
    random_nr                                0x20000138   Data           4  timer.o(.data)
    .data                                    0x2000013c   Section       16  cpuport.o(.data)
    rt_exception_hook                        0x20000148   Data           4  cpuport.o(.data)
    .bss                                     0x2000014c   Section     1024  rt_user.o(.bss)
    led1_stack                               0x2000014c   Data         512  rt_user.o(.bss)
    led1_thread                              0x2000034c   Data         128  rt_user.o(.bss)
    led2_stack                               0x200003cc   Data         256  rt_user.o(.bss)
    led2_thread                              0x200004cc   Data         128  rt_user.o(.bss)
    .bss                                     0x2000054c   Section       84  usart.o(.bss)
    .bss                                     0x200005a0   Section      384  idle.o(.bss)
    idle                                     0x200005a0   Data         128  idle.o(.bss)
    rt_thread_stack                          0x20000620   Data         256  idle.o(.bss)
    .bss                                     0x20000720   Section      128  kservice.o(.bss)
    rt_log_buf                               0x20000720   Data         128  kservice.o(.bss)
    .bss                                     0x200007a0   Section       32  mem.o(.bss)
    heap_sem                                 0x200007a0   Data          32  mem.o(.bss)
    .bss                                     0x200007c0   Section      256  scheduler.o(.bss)
    .bss                                     0x200008c0   Section       96  libspace.o(.bss)
    HEAP                                     0x20000920   Section      512  startup_gd32f10x_md.o(HEAP)
    Heap_Mem                                 0x20000920   Data         512  startup_gd32f10x_md.o(HEAP)
    STACK                                    0x20000b20   Section     1024  startup_gd32f10x_md.o(STACK)
    Stack_Mem                                0x20000b20   Data        1024  startup_gd32f10x_md.o(STACK)
    __initial_sp                             0x20000f20   Data           0  startup_gd32f10x_md.o(STACK)

    Global Symbols

    Symbol Name                              Value     Ov Type        Size  Object(Section)

    BuildAttributes$$THM_ISAv4$P$D$K$B$S$PE$A:L22UL41UL21$X:L11$S22US41US21$IEEE1$IW$USESV6$~STKCKD$USESV7$~SHL$OSPACE$ROPI$EBA8$UX$STANDARDLIB$REQ8$PRES8$EABIv2 0x00000000   Number         0  anon$$obj.o ABSOLUTE
    __ARM_use_no_argv                        0x00000000   Number         0  main.o ABSOLUTE
    __ARM_exceptions_init                     - Undefined Weak Reference
    __alloca_initialize                       - Undefined Weak Reference
    __arm_preinit_                            - Undefined Weak Reference
    __cpp_initialize__aeabi_                  - Undefined Weak Reference
    __cxa_finalize                            - Undefined Weak Reference
    __rt_locale                               - Undefined Weak Reference
    __sigvec_lookup                           - Undefined Weak Reference
    _atexit_init                              - Undefined Weak Reference
    _call_atexit_fns                          - Undefined Weak Reference
    _clock_init                               - Undefined Weak Reference
    _fp_trap_init                             - Undefined Weak Reference
    _fp_trap_shutdown                         - Undefined Weak Reference
    _get_lc_collate                           - Undefined Weak Reference
    _get_lc_ctype                             - Undefined Weak Reference
    _get_lc_monetary                          - Undefined Weak Reference
    _get_lc_numeric                           - Undefined Weak Reference
    _get_lc_time                              - Undefined Weak Reference
    _getenv_init                              - Undefined Weak Reference
    _handle_redirection                       - Undefined Weak Reference
    _init_alloc                               - Undefined Weak Reference
    _init_user_alloc                          - Undefined Weak Reference
    _initio                                   - Undefined Weak Reference
    _rand_init                                - Undefined Weak Reference
    _signal_finish                            - Undefined Weak Reference
    _signal_init                              - Undefined Weak Reference
    _terminate_alloc                          - Undefined Weak Reference
    _terminate_user_alloc                     - Undefined Weak Reference
    _terminateio                              - Undefined Weak Reference
    __Vectors_Size                           0x00000104   Number         0  startup_gd32f10x_md.o ABSOLUTE
    __Vectors                                0x08000000   Data           4  startup_gd32f10x_md.o(RESET)
    __Vectors_End                            0x08000104   Data           0  startup_gd32f10x_md.o(RESET)
    __main                                   0x08000105   Thumb Code     8  __main.o(!!!main)
    __scatterload                            0x0800010d   Thumb Code     0  __scatter.o(!!!scatter)
    __scatterload_rt2                        0x0800010d   Thumb Code    44  __scatter.o(!!!scatter)
    __scatterload_rt2_thumb_only             0x0800010d   Thumb Code     0  __scatter.o(!!!scatter)
    __scatterload_null                       0x0800011b   Thumb Code     0  __scatter.o(!!!scatter)
    __decompress                             0x08000141   Thumb Code    90  __dczerorl2.o(!!dczerorl2)
    __decompress1                            0x08000141   Thumb Code     0  __dczerorl2.o(!!dczerorl2)
    __scatterload_zeroinit                   0x0800019d   Thumb Code    28  __scatter_zi.o(!!handler_zi)
    __rt_lib_init                            0x080001b9   Thumb Code     0  libinit.o(.ARM.Collect$$libinit$$00000000)
    __rt_lib_init_alloca_1                   0x080001bb   Thumb Code     0  libinit2.o(.ARM.Collect$$libinit$$0000002E)
    __rt_lib_init_argv_1                     0x080001bb   Thumb Code     0  libinit2.o(.ARM.Collect$$libinit$$0000002C)
    __rt_lib_init_atexit_1                   0x080001bb   Thumb Code     0  libinit2.o(.ARM.Collect$$libinit$$0000001B)
    __rt_lib_init_clock_1                    0x080001bb   Thumb Code     0  libinit2.o(.ARM.Collect$$libinit$$00000021)
    __rt_lib_init_cpp_1                      0x080001bb   Thumb Code     0  libinit2.o(.ARM.Collect$$libinit$$00000032)
    __rt_lib_init_exceptions_1               0x080001bb   Thumb Code     0  libinit2.o(.ARM.Collect$$libinit$$00000030)
    __rt_lib_init_fp_1                       0x080001bb   Thumb Code     0  libinit2.o(.ARM.Collect$$libinit$$00000002)
    __rt_lib_init_fp_trap_1                  0x080001bb   Thumb Code     0  libinit2.o(.ARM.Collect$$libinit$$0000001F)
    __rt_lib_init_getenv_1                   0x080001bb   Thumb Code     0  libinit2.o(.ARM.Collect$$libinit$$00000023)
    __rt_lib_init_heap_1                     0x080001bb   Thumb Code     0  libinit2.o(.ARM.Collect$$libinit$$0000000A)
    __rt_lib_init_lc_collate_1               0x080001bb   Thumb Code     0  libinit2.o(.ARM.Collect$$libinit$$00000011)
    __rt_lib_init_lc_ctype_1                 0x080001bb   Thumb Code     0  libinit2.o(.ARM.Collect$$libinit$$00000013)
    __rt_lib_init_lc_monetary_1              0x080001bb   Thumb Code     0  libinit2.o(.ARM.Collect$$libinit$$00000015)
    __rt_lib_init_lc_numeric_1               0x080001bb   Thumb Code     0  libinit2.o(.ARM.Collect$$libinit$$00000017)
    __rt_lib_init_lc_time_1                  0x080001bb   Thumb Code     0  libinit2.o(.ARM.Collect$$libinit$$00000019)
    __rt_lib_init_preinit_1                  0x080001bb   Thumb Code     0  libinit2.o(.ARM.Collect$$libinit$$00000004)
    __rt_lib_init_rand_1                     0x080001bb   Thumb Code     0  libinit2.o(.ARM.Collect$$libinit$$0000000E)
    __rt_lib_init_return                     0x080001bb   Thumb Code     0  libinit2.o(.ARM.Collect$$libinit$$00000033)
    __rt_lib_init_signal_1                   0x080001bb   Thumb Code     0  libinit2.o(.ARM.Collect$$libinit$$0000001D)
    __rt_lib_init_stdio_1                    0x080001bb   Thumb Code     0  libinit2.o(.ARM.Collect$$libinit$$00000025)
    __rt_lib_init_user_alloc_1               0x080001bb   Thumb Code     0  libinit2.o(.ARM.Collect$$libinit$$0000000C)
    __rt_lib_shutdown                        0x080001bd   Thumb Code     0  libshutdown.o(.ARM.Collect$$libshutdown$$00000000)
    __rt_lib_shutdown_cpp_1                  0x080001bf   Thumb Code     0  libshutdown2.o(.ARM.Collect$$libshutdown$$00000002)
    __rt_lib_shutdown_fp_trap_1              0x080001bf   Thumb Code     0  libshutdown2.o(.ARM.Collect$$libshutdown$$00000007)
    __rt_lib_shutdown_heap_1                 0x080001bf   Thumb Code     0  libshutdown2.o(.ARM.Collect$$libshutdown$$0000000F)
    __rt_lib_shutdown_return                 0x080001bf   Thumb Code     0  libshutdown2.o(.ARM.Collect$$libshutdown$$00000010)
    __rt_lib_shutdown_signal_1               0x080001bf   Thumb Code     0  libshutdown2.o(.ARM.Collect$$libshutdown$$0000000A)
    __rt_lib_shutdown_stdio_1                0x080001bf   Thumb Code     0  libshutdown2.o(.ARM.Collect$$libshutdown$$00000004)
    __rt_lib_shutdown_user_alloc_1           0x080001bf   Thumb Code     0  libshutdown2.o(.ARM.Collect$$libshutdown$$0000000C)
    __rt_entry                               0x080001c1   Thumb Code     0  __rtentry.o(.ARM.Collect$$rtentry$$00000000)
    __rt_entry_presh_1                       0x080001c1   Thumb Code     0  __rtentry2.o(.ARM.Collect$$rtentry$$00000002)
    __rt_entry_sh                            0x080001c1   Thumb Code     0  __rtentry4.o(.ARM.Collect$$rtentry$$00000004)
    __rt_entry_li                            0x080001c7   Thumb Code     0  __rtentry2.o(.ARM.Collect$$rtentry$$0000000A)
    __rt_entry_postsh_1                      0x080001c7   Thumb Code     0  __rtentry2.o(.ARM.Collect$$rtentry$$00000009)
    __rt_entry_main                          0x080001cb   Thumb Code     0  __rtentry2.o(.ARM.Collect$$rtentry$$0000000D)
    __rt_entry_postli_1                      0x080001cb   Thumb Code     0  __rtentry2.o(.ARM.Collect$$rtentry$$0000000C)
    __rt_exit                                0x080001d3   Thumb Code     0  rtexit.o(.ARM.Collect$$rtexit$$00000000)
    __rt_exit_ls                             0x080001d5   Thumb Code     0  rtexit2.o(.ARM.Collect$$rtexit$$00000003)
    __rt_exit_prels_1                        0x080001d5   Thumb Code     0  rtexit2.o(.ARM.Collect$$rtexit$$00000002)
    __rt_exit_exit                           0x080001d9   Thumb Code     0  rtexit2.o(.ARM.Collect$$rtexit$$00000004)
    Reset_Handler                            0x080001e1   Thumb Code     8  startup_gd32f10x_md.o(.text)
    NMI_Handler                              0x080001e9   Thumb Code     2  startup_gd32f10x_md.o(.text)
    MemManage_Handler                        0x080001ed   Thumb Code     2  startup_gd32f10x_md.o(.text)
    BusFault_Handler                         0x080001ef   Thumb Code     2  startup_gd32f10x_md.o(.text)
    UsageFault_Handler                       0x080001f1   Thumb Code     2  startup_gd32f10x_md.o(.text)
    SVC_Handler                              0x080001f3   Thumb Code     2  startup_gd32f10x_md.o(.text)
    DebugMon_Handler                         0x080001f5   Thumb Code     2  startup_gd32f10x_md.o(.text)
    ADC1_2_IRQHandler                        0x080001fb   Thumb Code     0  startup_gd32f10x_md.o(.text)
    CAN1_RX1_IRQHandler                      0x080001fb   Thumb Code     0  startup_gd32f10x_md.o(.text)
    CAN1_SCE_IRQHandler                      0x080001fb   Thumb Code     0  startup_gd32f10x_md.o(.text)
    DMA1_Channel1_IRQHandler                 0x080001fb   Thumb Code     0  startup_gd32f10x_md.o(.text)
    DMA1_Channel2_IRQHandler                 0x080001fb   Thumb Code     0  startup_gd32f10x_md.o(.text)
    DMA1_Channel3_IRQHandler                 0x080001fb   Thumb Code     0  startup_gd32f10x_md.o(.text)
    DMA1_Channel4_IRQHandler                 0x080001fb   Thumb Code     0  startup_gd32f10x_md.o(.text)
    DMA1_Channel5_IRQHandler                 0x080001fb   Thumb Code     0  startup_gd32f10x_md.o(.text)
    DMA1_Channel6_IRQHandler                 0x080001fb   Thumb Code     0  startup_gd32f10x_md.o(.text)
    DMA1_Channel7_IRQHandler                 0x080001fb   Thumb Code     0  startup_gd32f10x_md.o(.text)
    EXMC_IRQHandler                          0x080001fb   Thumb Code     0  startup_gd32f10x_md.o(.text)
    EXTI0_IRQHandler                         0x080001fb   Thumb Code     0  startup_gd32f10x_md.o(.text)
    EXTI15_10_IRQHandler                     0x080001fb   Thumb Code     0  startup_gd32f10x_md.o(.text)
    EXTI1_IRQHandler                         0x080001fb   Thumb Code     0  startup_gd32f10x_md.o(.text)
    EXTI2_IRQHandler                         0x080001fb   Thumb Code     0  startup_gd32f10x_md.o(.text)
    EXTI3_IRQHandler                         0x080001fb   Thumb Code     0  startup_gd32f10x_md.o(.text)
    EXTI4_IRQHandler                         0x080001fb   Thumb Code     0  startup_gd32f10x_md.o(.text)
    EXTI9_5_IRQHandler                       0x080001fb   Thumb Code     0  startup_gd32f10x_md.o(.text)
    FMC_IRQHandler                           0x080001fb   Thumb Code     0  startup_gd32f10x_md.o(.text)
    I2C1_ER_IRQHandler                       0x080001fb   Thumb Code     0  startup_gd32f10x_md.o(.text)
    I2C1_EV_IRQHandler                       0x080001fb   Thumb Code     0  startup_gd32f10x_md.o(.text)
    I2C2_ER_IRQHandler                       0x080001fb   Thumb Code     0  startup_gd32f10x_md.o(.text)
    I2C2_EV_IRQHandler                       0x080001fb   Thumb Code     0  startup_gd32f10x_md.o(.text)
    LVD_IRQHandler                           0x080001fb   Thumb Code     0  startup_gd32f10x_md.o(.text)
    RCC_IRQHandler                           0x080001fb   Thumb Code     0  startup_gd32f10x_md.o(.text)
    RTCAlarm_IRQHandler                      0x080001fb   Thumb Code     0  startup_gd32f10x_md.o(.text)
    RTC_IRQHandler                           0x080001fb   Thumb Code     0  startup_gd32f10x_md.o(.text)
    SPI1_IRQHandler                          0x080001fb   Thumb Code     0  startup_gd32f10x_md.o(.text)
    SPI2_IRQHandler                          0x080001fb   Thumb Code     0  startup_gd32f10x_md.o(.text)
    TAMPER_IRQHandler                        0x080001fb   Thumb Code     0  startup_gd32f10x_md.o(.text)
    TIMER1_BRK_IRQHandler                    0x080001fb   Thumb Code     0  startup_gd32f10x_md.o(.text)
    TIMER1_CC_IRQHandler                     0x080001fb   Thumb Code     0  startup_gd32f10x_md.o(.text)
    TIMER1_TRG_COM_IRQHandler                0x080001fb   Thumb Code     0  startup_gd32f10x_md.o(.text)
    TIMER1_UP_IRQHandler                     0x080001fb   Thumb Code     0  startup_gd32f10x_md.o(.text)
    TIMER2_IRQHandler                        0x080001fb   Thumb Code     0  startup_gd32f10x_md.o(.text)
    TIMER3_IRQHandler                        0x080001fb   Thumb Code     0  startup_gd32f10x_md.o(.text)
    TIMER4_IRQHandler                        0x080001fb   Thumb Code     0  startup_gd32f10x_md.o(.text)
    USART1_IRQHandler                        0x080001fb   Thumb Code     0  startup_gd32f10x_md.o(.text)
    USART2_IRQHandler                        0x080001fb   Thumb Code     0  startup_gd32f10x_md.o(.text)
    USART3_IRQHandler                        0x080001fb   Thumb Code     0  startup_gd32f10x_md.o(.text)
    USBWakeUp_IRQHandler                     0x080001fb   Thumb Code     0  startup_gd32f10x_md.o(.text)
    USB_HP_CAN1_TX_IRQHandler                0x080001fb   Thumb Code     0  startup_gd32f10x_md.o(.text)
    USB_LP_CAN1_RX0_IRQHandler               0x080001fb   Thumb Code     0  startup_gd32f10x_md.o(.text)
    WWDG_IRQHandler                          0x080001fb   Thumb Code     0  startup_gd32f10x_md.o(.text)
    __user_initial_stackheap                 0x080001fd   Thumb Code     0  startup_gd32f10x_md.o(.text)
    rt_hw_interrupt_disable                  0x08000221   Thumb Code     8  context_rvds.o(.text)
    rt_hw_interrupt_enable                   0x08000229   Thumb Code     6  context_rvds.o(.text)
    rt_hw_context_switch                     0x0800022f   Thumb Code    32  context_rvds.o(.text)
    rt_hw_context_switch_interrupt           0x0800022f   Thumb Code     0  context_rvds.o(.text)
    PendSV_Handler                           0x0800024f   Thumb Code    60  context_rvds.o(.text)
    rt_hw_context_switch_to                  0x0800028b   Thumb Code    56  context_rvds.o(.text)
    rt_hw_interrupt_thread_switch            0x080002c3   Thumb Code     2  context_rvds.o(.text)
    HardFault_Handler                        0x080002c5   Thumb Code    48  context_rvds.o(.text)
    __use_two_region_memory                  0x0800030d   Thumb Code     2  heapauxi.o(.text)
    __rt_heap_escrow$2region                 0x0800030f   Thumb Code     2  heapauxi.o(.text)
    __rt_heap_expand$2region                 0x08000311   Thumb Code     2  heapauxi.o(.text)
    __user_setup_stackheap                   0x08000313   Thumb Code    74  sys_stackheap_outer.o(.text)
    exit                                     0x0800035d   Thumb Code    18  exit.o(.text)
    __user_libspace                          0x08000371   Thumb Code     8  libspace.o(.text)
    __user_perproc_libspace                  0x08000371   Thumb Code     0  libspace.o(.text)
    __user_perthread_libspace                0x08000371   Thumb Code     0  libspace.o(.text)
    _sys_exit                                0x08000379   Thumb Code     8  sys_exit.o(.text)
    __I$use$semihosting                      0x08000385   Thumb Code     0  use_no_semi.o(.text)
    __use_no_semihosting_swi                 0x08000385   Thumb Code     2  use_no_semi.o(.text)
    GPIO_Init                                0x08000387   Thumb Code   278  gd32f10x_gpio.o(i.GPIO_Init)
    __semihosting_library_function           0x08000387   Thumb Code     0  indicate_semi.o(.text)
    GPIO_PinRemapConfig                      0x0800049d   Thumb Code   138  gd32f10x_gpio.o(i.GPIO_PinRemapConfig)
    GPIO_ResetBits                           0x0800052d   Thumb Code     4  gd32f10x_gpio.o(i.GPIO_ResetBits)
    GPIO_SetBits                             0x08000531   Thumb Code     4  gd32f10x_gpio.o(i.GPIO_SetBits)
    RCC_AHBConfig                            0x08000535   Thumb Code    18  gd32f10x_rcc.o(i.RCC_AHBConfig)
    RCC_APB1Config                           0x0800054d   Thumb Code    18  gd32f10x_rcc.o(i.RCC_APB1Config)
    RCC_APB2Config                           0x08000565   Thumb Code    18  gd32f10x_rcc.o(i.RCC_APB2Config)
    RCC_APB2PeriphClock_Enable               0x0800057d   Thumb Code    26  gd32f10x_rcc.o(i.RCC_APB2PeriphClock_Enable)
    RCC_CK_SYSConfig                         0x0800059d   Thumb Code    18  gd32f10x_rcc.o(i.RCC_CK_SYSConfig)
    RCC_DeInit                               0x080005b5   Thumb Code    66  gd32f10x_rcc.o(i.RCC_DeInit)
    RCC_GetBitState                          0x08000609   Thumb Code    52  gd32f10x_rcc.o(i.RCC_GetBitState)
    RCC_GetCK_SYSSource                      0x08000641   Thumb Code    10  gd32f10x_rcc.o(i.RCC_GetCK_SYSSource)
    RCC_GetClocksFreq                        0x08000651   Thumb Code   296  gd32f10x_rcc.o(i.RCC_GetClocksFreq)
    RCC_HSI_Enable                           0x0800078d   Thumb Code    30  gd32f10x_rcc.o(i.RCC_HSI_Enable)
    RCC_PLLConfig                            0x080007b1   Thumb Code    24  gd32f10x_rcc.o(i.RCC_PLLConfig)
    RCC_PLL_Enable                           0x080007d1   Thumb Code    30  gd32f10x_rcc.o(i.RCC_PLL_Enable)
    SysTick_Handler                          0x080008c5   Thumb Code    16  rt_user.o(i.SysTick_Handler)
    SystemClock_Config                       0x080008d5   Thumb Code    86  rt_user.o(i.SystemClock_Config)
    SystemInit                               0x08000931   Thumb Code    72  system_gd32f10x.o(i.SystemInit)
    USART_DataReceive                        0x08000989   Thumb Code    10  gd32f10x_usart.o(i.USART_DataReceive)
    USART_DataSend                           0x08000993   Thumb Code     8  gd32f10x_usart.o(i.USART_DataSend)
    USART_Enable                             0x0800099b   Thumb Code    22  gd32f10x_usart.o(i.USART_Enable)
    USART_GetBitState                        0x080009b1   Thumb Code    16  gd32f10x_usart.o(i.USART_GetBitState)
    USART_INT_Set                            0x080009c1   Thumb Code    64  gd32f10x_usart.o(i.USART_INT_Set)
    USART_Init                               0x08000a01   Thumb Code   126  gd32f10x_usart.o(i.USART_Init)
    __rt_ffs                                 0x08000a85   Thumb Code    70  kservice.o(i.__rt_ffs)
    led_init                                 0x08000df5   Thumb Code   170  led.o(i.led_init)
    led_off                                  0x08000eb1   Thumb Code    54  led.o(i.led_off)
    led_on                                   0x08000ef1   Thumb Code    54  led.o(i.led_on)
    main                                     0x08000f31   Thumb Code    14  main.o(i.main)
    rt_assert_handler                        0x080011d9   Thumb Code    56  kservice.o(i.rt_assert_handler)
    rt_console_set_device                    0x0800124d   Thumb Code    48  kservice.o(i.rt_console_set_device)
    rt_device_close                          0x08001281   Thumb Code    68  device.o(i.rt_device_close)
    rt_device_find                           0x080012d9   Thumb Code    76  device.o(i.rt_device_find)
    rt_device_open                           0x08001329   Thumb Code   136  device.o(i.rt_device_open)
    rt_device_register                       0x08001411   Thumb Code    52  device.o(i.rt_device_register)
    rt_device_write                          0x08001445   Thumb Code    76  device.o(i.rt_device_write)
    rt_enter_critical                        0x080014a5   Thumb Code    28  scheduler.o(i.rt_enter_critical)
    rt_exit_critical                         0x080014c5   Thumb Code    54  scheduler.o(i.rt_exit_critical)
    rt_free                                  0x08001501   Thumb Code   248  mem.o(i.rt_free)
    rt_hw_console_output                     0x08001699   Thumb Code     2  kservice.o(i.rt_hw_console_output)
    rt_hw_hard_fault_exception               0x0800169d   Thumb Code   190  cpuport.o(i.rt_hw_hard_fault_exception)
    rt_hw_stack_init                         0x0800189d   Thumb Code    70  cpuport.o(i.rt_hw_stack_init)
    rt_interrupt_enter                       0x080018e9   Thumb Code    30  irq.o(i.rt_interrupt_enter)
    rt_interrupt_get_nest                    0x0800190d   Thumb Code     6  irq.o(i.rt_interrupt_get_nest)
    rt_interrupt_leave                       0x08001919   Thumb Code    30  irq.o(i.rt_interrupt_leave)
    rt_kprintf                               0x080019d1   Thumb Code    96  kservice.o(i.rt_kprintf)
    rt_malloc                                0x08001ac9   Thumb Code   520  mem.o(i.rt_malloc)
    rt_memset                                0x08001d7d   Thumb Code    72  kservice.o(i.rt_memset)
    rt_object_allocate                       0x08001dc5   Thumb Code   132  object.o(i.rt_object_allocate)
    rt_object_delete                         0x08001e7d   Thumb Code    84  object.o(i.rt_object_delete)
    rt_object_detach                         0x08001f19   Thumb Code    56  object.o(i.rt_object_detach)
    rt_object_init                           0x08001f6d   Thumb Code    76  object.o(i.rt_object_init)
    rt_object_is_systemobject                0x08001fc1   Thumb Code    34  object.o(i.rt_object_is_systemobject)
    rt_schedule                              0x08001ffd   Thumb Code   134  scheduler.o(i.rt_schedule)
    rt_schedule_insert_thread                0x080020a1   Thumb Code    82  scheduler.o(i.rt_schedule_insert_thread)
    rt_schedule_remove_thread                0x08002115   Thumb Code    94  scheduler.o(i.rt_schedule_remove_thread)
    rt_sem_init                              0x08002195   Thumb Code    50  ipc.o(i.rt_sem_init)
    rt_sem_release                           0x080021dd   Thumb Code    80  ipc.o(i.rt_sem_release)
    rt_sem_take                              0x08002231   Thumb Code   266  ipc.o(i.rt_sem_take)
    rt_serial_close                          0x080023b9   Thumb Code    32  serial.o(i.rt_serial_close)
    rt_serial_control                        0x080023ed   Thumb Code   106  serial.o(i.rt_serial_control)
    rt_serial_init                           0x0800246d   Thumb Code    50  serial.o(i.rt_serial_init)
    rt_serial_open                           0x080024b5   Thumb Code   124  serial.o(i.rt_serial_open)
    rt_serial_read                           0x08002545   Thumb Code    46  serial.o(i.rt_serial_read)
    rt_serial_register                       0x08002589   Thumb Code    74  serial.o(i.rt_serial_register)
    rt_serial_write                          0x08002605   Thumb Code    46  serial.o(i.rt_serial_write)
    rt_set_errno                             0x08002649   Thumb Code    36  kservice.o(i.rt_set_errno)
    rt_strlen                                0x08002671   Thumb Code    18  kservice.o(i.rt_strlen)
    rt_strncmp                               0x08002683   Thumb Code    40  kservice.o(i.rt_strncmp)
    rt_strncpy                               0x080026ab   Thumb Code    52  kservice.o(i.rt_strncpy)
    rt_system_heap_init                      0x080026e1   Thumb Code   204  mem.o(i.rt_system_heap_init)
    rt_system_scheduler_init                 0x08002831   Thumb Code    56  scheduler.o(i.rt_system_scheduler_init)
    rt_system_scheduler_start                0x08002881   Thumb Code    36  scheduler.o(i.rt_system_scheduler_start)
    rt_system_timer_init                     0x080028b1   Thumb Code    24  timer.o(i.rt_system_timer_init)
    rt_system_timer_thread_init              0x080028cd   Thumb Code     2  timer.o(i.rt_system_timer_thread_init)
    rt_thread_create                         0x080028cf   Thumb Code    80  thread.o(i.rt_thread_create)
    rt_thread_delay                          0x0800291f   Thumb Code    12  thread.o(i.rt_thread_delay)
    rt_thread_delete                         0x0800292d   Thumb Code    64  thread.o(i.rt_thread_delete)
    rt_thread_detach                         0x08002989   Thumb Code    72  thread.o(i.rt_thread_detach)
    rt_thread_exit                           0x080029ed   Thumb Code    76  thread.o(i.rt_thread_exit)
    rt_thread_idle_excute                    0x08002a59   Thumb Code   154  idle.o(i.rt_thread_idle_excute)
    rt_thread_idle_init                      0x08002b25   Thumb Code    38  idle.o(i.rt_thread_idle_init)
    rt_thread_init                           0x08002b61   Thumb Code    74  thread.o(i.rt_thread_init)
    rt_thread_resume                         0x08002bdd   Thumb Code    78  thread.o(i.rt_thread_resume)
    rt_thread_self                           0x08002c45   Thumb Code     6  thread.o(i.rt_thread_self)
    rt_thread_sleep                          0x08002c51   Thumb Code    76  thread.o(i.rt_thread_sleep)
    rt_thread_startup                        0x08002cb9   Thumb Code    80  thread.o(i.rt_thread_startup)
    rt_thread_suspend                        0x08002d41   Thumb Code    76  thread.o(i.rt_thread_suspend)
    rt_thread_timeout                        0x08002da5   Thumb Code    66  thread.o(i.rt_thread_timeout)
    rt_thread_yield                          0x08002e25   Thumb Code    88  thread.o(i.rt_thread_yield)
    rt_tick_get                              0x08002e85   Thumb Code     6  clock.o(i.rt_tick_get)
    rt_tick_increase                         0x08002e91   Thumb Code    42  clock.o(i.rt_tick_increase)
    rt_timer_check                           0x08002ec1   Thumb Code   148  timer.o(i.rt_timer_check)
    rt_timer_control                         0x08002f5d   Thumb Code    76  timer.o(i.rt_timer_control)
    rt_timer_detach                          0x08002fc1   Thumb Code    44  timer.o(i.rt_timer_detach)
    rt_timer_init                            0x08003005   Thumb Code    58  timer.o(i.rt_timer_init)
    rt_timer_start                           0x08003059   Thumb Code   292  timer.o(i.rt_timer_start)
    rt_timer_stop                            0x080031c5   Thumb Code    80  timer.o(i.rt_timer_stop)
    rt_usart_init                            0x08003231   Thumb Code    64  usart.o(i.rt_usart_init)
    rt_user_application_init                 0x08003285   Thumb Code   154  rt_user.o(i.rt_user_application_init)
    rt_user_os_init                          0x08003359   Thumb Code   126  rt_user.o(i.rt_user_os_init)
    rt_vsnprintf                             0x080033f5   Thumb Code   800  kservice.o(i.rt_vsnprintf)
    usart_configure                          0x08003745   Thumb Code   206  usart.o(i.usart_configure)
    usart_getc                               0x080038d9   Thumb Code    26  usart.o(i.usart_getc)
    usart_gpio_configure                     0x080038f9   Thumb Code    52  usart.o(i.usart_gpio_configure)
    usart_putc                               0x08003931   Thumb Code    32  usart.o(i.usart_putc)
    __lowest_bit_bitmap                      0x08003c11   Data         256  kservice.o(.constdata)
    Region$$Table$$Base                      0x080040b0   Number         0  anon$$obj.o(Region$$Table)
    Region$$Table$$Limit                     0x080040d0   Number         0  anon$$obj.o(Region$$Table)
    SystemCoreClock                          0x20000008   Data           4  system_gd32f10x.o(.data)
    AHBPrescTableList                        0x2000000c   Data          16  system_gd32f10x.o(.data)
    rt_interrupt_nest                        0x2000003c   Data           1  irq.o(.data)
    rt_assert_hook                           0x20000048   Data           4  kservice.o(.data)
    rt_object_container                      0x2000006c   Data         144  object.o(.data)
    rt_object_trytake_hook                   0x20000104   Data           4  object.o(.data)
    rt_object_take_hook                      0x20000108   Data           4  object.o(.data)
    rt_object_put_hook                       0x2000010c   Data           4  object.o(.data)
    rt_current_thread                        0x20000114   Data           4  scheduler.o(.data)
    rt_current_priority                      0x20000118   Data           1  scheduler.o(.data)
    rt_thread_ready_priority_group           0x2000011c   Data           4  scheduler.o(.data)
    rt_thread_defunct                        0x20000120   Data           8  scheduler.o(.data)
    rt_interrupt_from_thread                 0x2000013c   Data           4  cpuport.o(.data)
    rt_interrupt_to_thread                   0x20000140   Data           4  cpuport.o(.data)
    rt_thread_switch_interrupt_flag          0x20000144   Data           4  cpuport.o(.data)
    serial                                   0x2000054c   Data          84  usart.o(.bss)
    rt_thread_priority_table                 0x200007c0   Data         256  scheduler.o(.bss)
    __libspace_start                         0x200008c0   Data          96  libspace.o(.bss)
    __temporary_stack_top$libspace           0x20000920   Data           0  libspace.o(.bss)
    Image$$RW_IRAM1$$ZI$$Limit               0x20000f20   Number         0  anon$$obj.o ABSOLUTE



==============================================================================

Memory Map of the image

  Image Entry point : 0x08000105

  Load Region LR_IROM1 (Base: 0x08000000, Size: 0x0000421c, Max: 0x00020000, ABSOLUTE, COMPRESSED[0x00004138])

    Execution Region ER_IROM1 (Base: 0x08000000, Size: 0x000040d0, Max: 0x00020000, ABSOLUTE)

    Base Addr    Size         Type   Attr      Idx    E Section Name        Object

    0x08000000   0x00000104   Data   RO          368    RESET               startup_gd32f10x_md.o
    0x08000104   0x00000008   Code   RO         4649  * !!!main             c_w.l(__main.o)
    0x0800010c   0x00000034   Code   RO         4808    !!!scatter          c_w.l(__scatter.o)
    0x08000140   0x0000005a   Code   RO         4806    !!dczerorl2         c_w.l(__dczerorl2.o)
    0x0800019a   0x00000002   PAD
    0x0800019c   0x0000001c   Code   RO         4810    !!handler_zi        c_w.l(__scatter_zi.o)
    0x080001b8   0x00000002   Code   RO         4676    .ARM.Collect$$libinit$$00000000  c_w.l(libinit.o)
    0x080001ba   0x00000000   Code   RO         4683    .ARM.Collect$$libinit$$00000002  c_w.l(libinit2.o)
    0x080001ba   0x00000000   Code   RO         4685    .ARM.Collect$$libinit$$00000004  c_w.l(libinit2.o)
    0x080001ba   0x00000000   Code   RO         4688    .ARM.Collect$$libinit$$0000000A  c_w.l(libinit2.o)
    0x080001ba   0x00000000   Code   RO         4690    .ARM.Collect$$libinit$$0000000C  c_w.l(libinit2.o)
    0x080001ba   0x00000000   Code   RO         4692    .ARM.Collect$$libinit$$0000000E  c_w.l(libinit2.o)
    0x080001ba   0x00000000   Code   RO         4695    .ARM.Collect$$libinit$$00000011  c_w.l(libinit2.o)
    0x080001ba   0x00000000   Code   RO         4697    .ARM.Collect$$libinit$$00000013  c_w.l(libinit2.o)
    0x080001ba   0x00000000   Code   RO         4699    .ARM.Collect$$libinit$$00000015  c_w.l(libinit2.o)
    0x080001ba   0x00000000   Code   RO         4701    .ARM.Collect$$libinit$$00000017  c_w.l(libinit2.o)
    0x080001ba   0x00000000   Code   RO         4703    .ARM.Collect$$libinit$$00000019  c_w.l(libinit2.o)
    0x080001ba   0x00000000   Code   RO         4705    .ARM.Collect$$libinit$$0000001B  c_w.l(libinit2.o)
    0x080001ba   0x00000000   Code   RO         4707    .ARM.Collect$$libinit$$0000001D  c_w.l(libinit2.o)
    0x080001ba   0x00000000   Code   RO         4709    .ARM.Collect$$libinit$$0000001F  c_w.l(libinit2.o)
    0x080001ba   0x00000000   Code   RO         4711    .ARM.Collect$$libinit$$00000021  c_w.l(libinit2.o)
    0x080001ba   0x00000000   Code   RO         4713    .ARM.Collect$$libinit$$00000023  c_w.l(libinit2.o)
    0x080001ba   0x00000000   Code   RO         4715    .ARM.Collect$$libinit$$00000025  c_w.l(libinit2.o)
    0x080001ba   0x00000000   Code   RO         4719    .ARM.Collect$$libinit$$0000002C  c_w.l(libinit2.o)
    0x080001ba   0x00000000   Code   RO         4721    .ARM.Collect$$libinit$$0000002E  c_w.l(libinit2.o)
    0x080001ba   0x00000000   Code   RO         4723    .ARM.Collect$$libinit$$00000030  c_w.l(libinit2.o)
    0x080001ba   0x00000000   Code   RO         4725    .ARM.Collect$$libinit$$00000032  c_w.l(libinit2.o)
    0x080001ba   0x00000002   Code   RO         4726    .ARM.Collect$$libinit$$00000033  c_w.l(libinit2.o)
    0x080001bc   0x00000002   Code   RO         4746    .ARM.Collect$$libshutdown$$00000000  c_w.l(libshutdown.o)
    0x080001be   0x00000000   Code   RO         4759    .ARM.Collect$$libshutdown$$00000002  c_w.l(libshutdown2.o)
    0x080001be   0x00000000   Code   RO         4761    .ARM.Collect$$libshutdown$$00000004  c_w.l(libshutdown2.o)
    0x080001be   0x00000000   Code   RO         4764    .ARM.Collect$$libshutdown$$00000007  c_w.l(libshutdown2.o)
    0x080001be   0x00000000   Code   RO         4767    .ARM.Collect$$libshutdown$$0000000A  c_w.l(libshutdown2.o)
    0x080001be   0x00000000   Code   RO         4769    .ARM.Collect$$libshutdown$$0000000C  c_w.l(libshutdown2.o)
    0x080001be   0x00000000   Code   RO         4772    .ARM.Collect$$libshutdown$$0000000F  c_w.l(libshutdown2.o)
    0x080001be   0x00000002   Code   RO         4773    .ARM.Collect$$libshutdown$$00000010  c_w.l(libshutdown2.o)
    0x080001c0   0x00000000   Code   RO         4651    .ARM.Collect$$rtentry$$00000000  c_w.l(__rtentry.o)
    0x080001c0   0x00000000   Code   RO         4653    .ARM.Collect$$rtentry$$00000002  c_w.l(__rtentry2.o)
    0x080001c0   0x00000006   Code   RO         4665    .ARM.Collect$$rtentry$$00000004  c_w.l(__rtentry4.o)
    0x080001c6   0x00000000   Code   RO         4655    .ARM.Collect$$rtentry$$00000009  c_w.l(__rtentry2.o)
    0x080001c6   0x00000004   Code   RO         4656    .ARM.Collect$$rtentry$$0000000A  c_w.l(__rtentry2.o)
    0x080001ca   0x00000000   Code   RO         4658    .ARM.Collect$$rtentry$$0000000C  c_w.l(__rtentry2.o)
    0x080001ca   0x00000008   Code   RO         4659    .ARM.Collect$$rtentry$$0000000D  c_w.l(__rtentry2.o)
    0x080001d2   0x00000002   Code   RO         4680    .ARM.Collect$$rtexit$$00000000  c_w.l(rtexit.o)
    0x080001d4   0x00000000   Code   RO         4728    .ARM.Collect$$rtexit$$00000002  c_w.l(rtexit2.o)
    0x080001d4   0x00000004   Code   RO         4729    .ARM.Collect$$rtexit$$00000003  c_w.l(rtexit2.o)
    0x080001d8   0x00000006   Code   RO         4730    .ARM.Collect$$rtexit$$00000004  c_w.l(rtexit2.o)
    0x080001de   0x00000002   PAD
    0x080001e0   0x00000040   Code   RO          369    .text               startup_gd32f10x_md.o
    0x08000220   0x000000ec   Code   RO         4511    .text               context_rvds.o
    0x0800030c   0x00000006   Code   RO         4647    .text               c_w.l(heapauxi.o)
    0x08000312   0x0000004a   Code   RO         4667    .text               c_w.l(sys_stackheap_outer.o)
    0x0800035c   0x00000012   Code   RO         4669    .text               c_w.l(exit.o)
    0x0800036e   0x00000002   PAD
    0x08000370   0x00000008   Code   RO         4677    .text               c_w.l(libspace.o)
    0x08000378   0x0000000c   Code   RO         4738    .text               c_w.l(sys_exit.o)
    0x08000384   0x00000002   Code   RO         4749    .text               c_w.l(use_no_semi.o)
    0x08000386   0x00000000   Code   RO         4751    .text               c_w.l(indicate_semi.o)
    0x08000386   0x00000116   Code   RO         1458    i.GPIO_Init         gd32f10x_gpio.o
    0x0800049c   0x00000090   Code   RO         1461    i.GPIO_PinRemapConfig  gd32f10x_gpio.o
    0x0800052c   0x00000004   Code   RO         1466    i.GPIO_ResetBits    gd32f10x_gpio.o
    0x08000530   0x00000004   Code   RO         1467    i.GPIO_SetBits      gd32f10x_gpio.o
    0x08000534   0x00000018   Code   RO         2005    i.RCC_AHBConfig     gd32f10x_rcc.o
    0x0800054c   0x00000018   Code   RO         2007    i.RCC_APB1Config    gd32f10x_rcc.o
    0x08000564   0x00000018   Code   RO         2010    i.RCC_APB2Config    gd32f10x_rcc.o
    0x0800057c   0x00000020   Code   RO         2011    i.RCC_APB2PeriphClock_Enable  gd32f10x_rcc.o
    0x0800059c   0x00000018   Code   RO         2016    i.RCC_CK_SYSConfig  gd32f10x_rcc.o
    0x080005b4   0x00000054   Code   RO         2019    i.RCC_DeInit        gd32f10x_rcc.o
    0x08000608   0x00000038   Code   RO         2020    i.RCC_GetBitState   gd32f10x_rcc.o
    0x08000640   0x00000010   Code   RO         2021    i.RCC_GetCK_SYSSource  gd32f10x_rcc.o
    0x08000650   0x0000013c   Code   RO         2022    i.RCC_GetClocksFreq  gd32f10x_rcc.o
    0x0800078c   0x00000024   Code   RO         2026    i.RCC_HSI_Enable    gd32f10x_rcc.o
    0x080007b0   0x00000020   Code   RO         2031    i.RCC_PLLConfig     gd32f10x_rcc.o
    0x080007d0   0x00000024   Code   RO         2032    i.RCC_PLL_Enable    gd32f10x_rcc.o
    0x080007f4   0x00000008   Code   RO          323    i.SetSysClock       system_gd32f10x.o
    0x080007fc   0x000000c8   Code   RO          324    i.SetSysClockTo108  system_gd32f10x.o
    0x080008c4   0x00000010   Code   RO          151    i.SysTick_Handler   rt_user.o
    0x080008d4   0x0000005c   Code   RO          152    i.SystemClock_Config  rt_user.o
    0x08000930   0x00000058   Code   RO          326    i.SystemInit        system_gd32f10x.o
    0x08000988   0x0000000a   Code   RO         3049    i.USART_DataReceive  gd32f10x_usart.o
    0x08000992   0x00000008   Code   RO         3050    i.USART_DataSend    gd32f10x_usart.o
    0x0800099a   0x00000016   Code   RO         3052    i.USART_Enable      gd32f10x_usart.o
    0x080009b0   0x00000010   Code   RO         3053    i.USART_GetBitState  gd32f10x_usart.o
    0x080009c0   0x00000040   Code   RO         3057    i.USART_INT_Set     gd32f10x_usart.o
    0x08000a00   0x00000084   Code   RO         3058    i.USART_Init        gd32f10x_usart.o
    0x08000a84   0x0000004c   Code   RO         3756    i.__rt_ffs          kservice.o
    0x08000ad0   0x00000014   Code   RO         3413    i._has_defunct_thread  idle.o
    0x08000ae4   0x000000c4   Code   RO         4195    i._rt_scheduler_stack_check  scheduler.o
    0x08000ba8   0x000000b8   Code   RO         4280    i._rt_thread_init   thread.o
    0x08000c60   0x00000042   Code   RO         4396    i._rt_timer_init    timer.o
    0x08000ca2   0x0000002e   Code   RO         4397    i._rt_timer_remove  timer.o
    0x08000cd0   0x0000005c   Code   RO         4577    i._serial_poll_rx   serial.o
    0x08000d2c   0x00000054   Code   RO         4578    i._serial_poll_tx   serial.o
    0x08000d80   0x00000034   Code   RO          153    i.led1_thread_entry  rt_user.o
    0x08000db4   0x00000020   Code   RO          154    i.led2_thread_entry  rt_user.o
    0x08000dd4   0x00000020   Code   RO          155    i.led3_thread_entry  rt_user.o
    0x08000df4   0x000000bc   Code   RO          216    i.led_init          led.o
    0x08000eb0   0x00000040   Code   RO          217    i.led_off           led.o
    0x08000ef0   0x00000040   Code   RO          218    i.led_on            led.o
    0x08000f30   0x0000000e   Code   RO            4    i.main              main.o
    0x08000f3e   0x00000002   PAD
    0x08000f40   0x0000010c   Code   RO         3948    i.plug_holes        mem.o
    0x0800104c   0x0000018c   Code   RO         3758    i.print_number      kservice.o
    0x080011d8   0x00000074   Code   RO         3759    i.rt_assert_handler  kservice.o
    0x0800124c   0x00000034   Code   RO         3762    i.rt_console_set_device  kservice.o
    0x08001280   0x00000058   Code   RO         3333    i.rt_device_close   device.o
    0x080012d8   0x00000050   Code   RO         3335    i.rt_device_find    device.o
    0x08001328   0x000000e8   Code   RO         3338    i.rt_device_open    device.o
    0x08001410   0x00000034   Code   RO         3340    i.rt_device_register  device.o
    0x08001444   0x00000060   Code   RO         3344    i.rt_device_write   device.o
    0x080014a4   0x00000020   Code   RO         4197    i.rt_enter_critical  scheduler.o
    0x080014c4   0x0000003c   Code   RO         4198    i.rt_exit_critical  scheduler.o
    0x08001500   0x00000198   Code   RO         3950    i.rt_free           mem.o
    0x08001698   0x00000002   Code   RO         3765    i.rt_hw_console_output  kservice.o
    0x0800169a   0x00000002   PAD
    0x0800169c   0x00000200   Code   RO         4529    i.rt_hw_hard_fault_exception  cpuport.o
    0x0800189c   0x0000004c   Code   RO         4530    i.rt_hw_stack_init  cpuport.o
    0x080018e8   0x00000024   Code   RO         3729    i.rt_interrupt_enter  irq.o
    0x0800190c   0x0000000c   Code   RO         3730    i.rt_interrupt_get_nest  irq.o
    0x08001918   0x00000024   Code   RO         3731    i.rt_interrupt_leave  irq.o
    0x0800193c   0x00000018   Code   RO         3462    i.rt_ipc_list_resume  ipc.o
    0x08001954   0x0000006c   Code   RO         3464    i.rt_ipc_list_suspend  ipc.o
    0x080019c0   0x00000010   Code   RO         3465    i.rt_ipc_object_init  ipc.o
    0x080019d0   0x00000068   Code   RO         3766    i.rt_kprintf        kservice.o
    0x08001a38   0x00000006   Code   RO         3466    i.rt_list_init      ipc.o
    0x08001a3e   0x00000006   Code   RO         4199    i.rt_list_init      scheduler.o
    0x08001a44   0x00000006   Code   RO         4398    i.rt_list_init      timer.o
    0x08001a4a   0x0000000e   Code   RO         4094    i.rt_list_insert_after  object.o
    0x08001a58   0x0000000e   Code   RO         4281    i.rt_list_insert_after  thread.o
    0x08001a66   0x0000000e   Code   RO         4399    i.rt_list_insert_after  timer.o
    0x08001a74   0x0000000e   Code   RO         3467    i.rt_list_insert_before  ipc.o
    0x08001a82   0x00000010   Code   RO         3468    i.rt_list_isempty   ipc.o
    0x08001a92   0x00000010   Code   RO         4400    i.rt_list_isempty   timer.o
    0x08001aa2   0x00000012   Code   RO         4095    i.rt_list_remove    object.o
    0x08001ab4   0x00000012   Code   RO         4282    i.rt_list_remove    thread.o
    0x08001ac6   0x00000002   PAD
    0x08001ac8   0x000002b4   Code   RO         3952    i.rt_malloc         mem.o
    0x08001d7c   0x00000048   Code   RO         3771    i.rt_memset         kservice.o
    0x08001dc4   0x000000b8   Code   RO         4096    i.rt_object_allocate  object.o
    0x08001e7c   0x0000009c   Code   RO         4098    i.rt_object_delete  object.o
    0x08001f18   0x00000054   Code   RO         4099    i.rt_object_detach  object.o
    0x08001f6c   0x00000054   Code   RO         4103    i.rt_object_init    object.o
    0x08001fc0   0x0000003c   Code   RO         4104    i.rt_object_is_systemobject  object.o
    0x08001ffc   0x000000a4   Code   RO         4200    i.rt_schedule       scheduler.o
    0x080020a0   0x00000074   Code   RO         4201    i.rt_schedule_insert_thread  scheduler.o
    0x08002114   0x00000080   Code   RO         4202    i.rt_schedule_remove_thread  scheduler.o
    0x08002194   0x00000048   Code   RO         3496    i.rt_sem_init       ipc.o
    0x080021dc   0x00000054   Code   RO         3497    i.rt_sem_release    ipc.o
    0x08002230   0x00000188   Code   RO         3498    i.rt_sem_take       ipc.o
    0x080023b8   0x00000034   Code   RO         4579    i.rt_serial_close   serial.o
    0x080023ec   0x00000080   Code   RO         4580    i.rt_serial_control  serial.o
    0x0800246c   0x00000048   Code   RO         4581    i.rt_serial_init    serial.o
    0x080024b4   0x00000090   Code   RO         4582    i.rt_serial_open    serial.o
    0x08002544   0x00000044   Code   RO         4583    i.rt_serial_read    serial.o
    0x08002588   0x0000007c   Code   RO         4584    i.rt_serial_register  serial.o
    0x08002604   0x00000044   Code   RO         4585    i.rt_serial_write   serial.o
    0x08002648   0x00000028   Code   RO         3772    i.rt_set_errno      kservice.o
    0x08002670   0x00000012   Code   RO         3779    i.rt_strlen         kservice.o
    0x08002682   0x00000028   Code   RO         3780    i.rt_strncmp        kservice.o
    0x080026aa   0x00000034   Code   RO         3781    i.rt_strncpy        kservice.o
    0x080026de   0x00000002   PAD
    0x080026e0   0x00000150   Code   RO         3956    i.rt_system_heap_init  mem.o
    0x08002830   0x00000050   Code   RO         4204    i.rt_system_scheduler_init  scheduler.o
    0x08002880   0x00000030   Code   RO         4205    i.rt_system_scheduler_start  scheduler.o
    0x080028b0   0x0000001c   Code   RO         4401    i.rt_system_timer_init  timer.o
    0x080028cc   0x00000002   Code   RO         4402    i.rt_system_timer_thread_init  timer.o
    0x080028ce   0x00000050   Code   RO         4284    i.rt_thread_create  thread.o
    0x0800291e   0x0000000c   Code   RO         4285    i.rt_thread_delay   thread.o
    0x0800292a   0x00000002   PAD
    0x0800292c   0x0000005c   Code   RO         4286    i.rt_thread_delete  thread.o
    0x08002988   0x00000064   Code   RO         4287    i.rt_thread_detach  thread.o
    0x080029ec   0x00000054   Code   RO         4288    i.rt_thread_exit    thread.o
    0x08002a40   0x00000018   Code   RO         3414    i.rt_thread_idle_entry  idle.o
    0x08002a58   0x000000cc   Code   RO         3415    i.rt_thread_idle_excute  idle.o
    0x08002b24   0x0000003c   Code   RO         3416    i.rt_thread_idle_init  idle.o
    0x08002b60   0x0000007c   Code   RO         4290    i.rt_thread_init    thread.o
    0x08002bdc   0x00000068   Code   RO         4291    i.rt_thread_resume  thread.o
    0x08002c44   0x0000000c   Code   RO         4292    i.rt_thread_self    thread.o
    0x08002c50   0x00000068   Code   RO         4293    i.rt_thread_sleep   thread.o
    0x08002cb8   0x00000088   Code   RO         4294    i.rt_thread_startup  thread.o
    0x08002d40   0x00000064   Code   RO         4295    i.rt_thread_suspend  thread.o
    0x08002da4   0x00000080   Code   RO         4296    i.rt_thread_timeout  thread.o
    0x08002e24   0x00000060   Code   RO         4297    i.rt_thread_yield   thread.o
    0x08002e84   0x0000000c   Code   RO         3288    i.rt_tick_get       clock.o
    0x08002e90   0x00000030   Code   RO         3289    i.rt_tick_increase  clock.o
    0x08002ec0   0x0000009c   Code   RO         4403    i.rt_timer_check    timer.o
    0x08002f5c   0x00000064   Code   RO         4404    i.rt_timer_control  timer.o
    0x08002fc0   0x00000044   Code   RO         4407    i.rt_timer_detach   timer.o
    0x08003004   0x00000054   Code   RO         4408    i.rt_timer_init     timer.o
    0x08003058   0x0000016c   Code   RO         4411    i.rt_timer_start    timer.o
    0x080031c4   0x0000006c   Code   RO         4412    i.rt_timer_stop     timer.o
    0x08003230   0x00000054   Code   RO          256    i.rt_usart_init     usart.o
    0x08003284   0x000000d4   Code   RO          156    i.rt_user_application_init  rt_user.o
    0x08003358   0x0000009c   Code   RO          157    i.rt_user_os_init   rt_user.o
    0x080033f4   0x00000328   Code   RO         3783    i.rt_vsnprintf      kservice.o
    0x0800371c   0x00000026   Code   RO         3785    i.skip_atoi         kservice.o
    0x08003742   0x00000002   PAD
    0x08003744   0x000000d4   Code   RO          257    i.usart_configure   usart.o
    0x08003818   0x000000c0   Code   RO          258    i.usart_control     usart.o
    0x080038d8   0x00000020   Code   RO          259    i.usart_getc        usart.o
    0x080038f8   0x00000038   Code   RO          260    i.usart_gpio_configure  usart.o
    0x08003930   0x00000024   Code   RO          261    i.usart_putc        usart.o
    0x08003954   0x00000028   Data   RO          263    .constdata          usart.o
    0x0800397c   0x000000a8   Data   RO         3345    .constdata          device.o
    0x08003a24   0x00000016   Data   RO         3419    .constdata          idle.o
    0x08003a3a   0x000001d7   Data   RO         3500    .constdata          ipc.o
    0x08003c11   0x00000122   Data   RO         3787    .constdata          kservice.o
    0x08003d33   0x00000046   Data   RO         3958    .constdata          mem.o
    0x08003d79   0x0000005e   Data   RO         4109    .constdata          object.o
    0x08003dd7   0x0000004e   Data   RO         4207    .constdata          scheduler.o
    0x08003e25   0x000000aa   Data   RO         4298    .constdata          thread.o
    0x08003ecf   0x0000005c   Data   RO         4414    .constdata          timer.o
    0x08003f2b   0x00000092   Data   RO         4586    .constdata          serial.o
    0x08003fbd   0x00000003   PAD
    0x08003fc0   0x000000ed   Data   RO         3959    .conststring        mem.o
    0x080040ad   0x00000003   PAD
    0x080040b0   0x00000020   Data   RO         4804    Region$$Table       anon$$obj.o


    Execution Region RW_IRAM1 (Base: 0x20000000, Size: 0x00000f20, Max: 0x00005000, ABSOLUTE, COMPRESSED[0x00000068])

    Base Addr    Size         Type   Attr      Idx    E Section Name        Object

    0x20000000   0x00000004   Data   RW          159    .data               rt_user.o
    0x20000004   0x00000001   Data   RW          219    .data               led.o
    0x20000005   0x00000003   PAD
    0x20000008   0x00000014   Data   RW          327    .data               system_gd32f10x.o
    0x2000001c   0x00000018   Data   RW         2037    .data               gd32f10x_rcc.o
    0x20000034   0x00000004   Data   RW         3291    .data               clock.o
    0x20000038   0x00000004   Data   RW         3420    .data               idle.o
    0x2000003c   0x00000001   Data   RW         3732    .data               irq.o
    0x2000003d   0x00000003   PAD
    0x20000040   0x0000000c   Data   RW         3788    .data               kservice.o
    0x2000004c   0x00000020   Data   RW         3960    .data               mem.o
    0x2000006c   0x000000a4   Data   RW         4110    .data               object.o
    0x20000110   0x0000001c   Data   RW         4208    .data               scheduler.o
    0x2000012c   0x00000010   Data   RW         4415    .data               timer.o
    0x2000013c   0x00000010   Data   RW         4532    .data               cpuport.o
    0x2000014c   0x00000400   Zero   RW          158    .bss                rt_user.o
    0x2000054c   0x00000054   Zero   RW          262    .bss                usart.o
    0x200005a0   0x00000180   Zero   RW         3418    .bss                idle.o
    0x20000720   0x00000080   Zero   RW         3786    .bss                kservice.o
    0x200007a0   0x00000020   Zero   RW         3957    .bss                mem.o
    0x200007c0   0x00000100   Zero   RW         4206    .bss                scheduler.o
    0x200008c0   0x00000060   Zero   RW         4678    .bss                c_w.l(libspace.o)
    0x20000920   0x00000200   Zero   RW          367    HEAP                startup_gd32f10x_md.o
    0x20000b20   0x00000400   Zero   RW          366    STACK               startup_gd32f10x_md.o


==============================================================================

Image component sizes


      Code (inc. data)   RO Data    RW Data    ZI Data      Debug   Object Name

        60         12          0          4          0       1137   clock.o
       236         24          0          0          0        748   context_rvds.o
       588        328          0         16          0       3066   cpuport.o
       548        140        168          0          0       7726   device.o
       430          6          0          0          0       4346   gd32f10x_gpio.o
       704        106          0         24          0       9489   gd32f10x_rcc.o
       252          6          0          0          0       4981   gd32f10x_usart.o
       308         80         22          4        384       3934   idle.o
       732        152        471          0          0      30164   ipc.o
        84         18          0          1          0       1974   irq.o
      1814         98        290         12        128      11268   kservice.o
       316         38          0          1          0       1538   led.o
        14          0          0          0          0     269507   main.o
      1704        572        307         32         32       5981   mem.o
       600        186         94        164          0       7025   object.o
       592        112          0          4       1024      29284   rt_user.o
       830        254         78         28        256       7314   scheduler.o
       832        212        146          0          0       7392   serial.o
        64         26        260          0       1536        884   startup_gd32f10x_md.o
       296         28          0         20          0       3373   system_gd32f10x.o
      1388        372        170          0          0      12173   thread.o
      1058        186         92         16          0      10207   timer.o
       612         74         40          0         84      29975   usart.o

    ----------------------------------------------------------------------
     14074       3030       2176        332       3444     463486   Object Totals
         0          0         32          0          0          0   (incl. Generated)
        12          0          6          6          0          0   (incl. Padding)

    ----------------------------------------------------------------------

      Code (inc. data)   RO Data    RW Data    ZI Data      Debug   Library Member Name

        90          0          0          0          0          0   __dczerorl2.o
         8          0          0          0          0         68   __main.o
         0          0          0          0          0          0   __rtentry.o
        12          0          0          0          0          0   __rtentry2.o
         6          0          0          0          0          0   __rtentry4.o
        52          8          0          0          0          0   __scatter.o
        28          0          0          0          0          0   __scatter_zi.o
        18          0          0          0          0         80   exit.o
         6          0          0          0          0        152   heapauxi.o
         0          0          0          0          0          0   indicate_semi.o
         2          0          0          0          0          0   libinit.o
         2          0          0          0          0          0   libinit2.o
         2          0          0          0          0          0   libshutdown.o
         2          0          0          0          0          0   libshutdown2.o
         8          4          0          0         96         68   libspace.o
         2          0          0          0          0          0   rtexit.o
        10          0          0          0          0          0   rtexit2.o
        12          4          0          0          0         68   sys_exit.o
        74          0          0          0          0         80   sys_stackheap_outer.o
         2          0          0          0          0         68   use_no_semi.o

    ----------------------------------------------------------------------
       342         16          0          0         96        584   Library Totals
         6          0          0          0          0          0   (incl. Padding)

    ----------------------------------------------------------------------

      Code (inc. data)   RO Data    RW Data    ZI Data      Debug   Library Name

       336         16          0          0         96        584   c_w.l

    ----------------------------------------------------------------------
       342         16          0          0         96        584   Library Totals

    ----------------------------------------------------------------------

==============================================================================


      Code (inc. data)   RO Data    RW Data    ZI Data      Debug   

     14416       3046       2176        332       3540     456942   Grand Totals
     14416       3046       2176        104       3540     456942   ELF Image Totals (compressed)
     14416       3046       2176        104          0          0   ROM Totals

==============================================================================

    Total RO  Size (Code + RO Data)                16592 (  16.20kB)
    Total RW  Size (RW Data + ZI Data)              3872 (   3.78kB)
    Total ROM Size (Code + RO Data + RW Data)      16696 (  16.30kB)

==============================================================================

